14:07:58 **** Incremental Build of configuration Debug for project Blink_getTick ****
make -j8 all 
arm-none-eabi-gcc "../Core/Src/main.c" -mcpu=cortex-m4 -std=gnu11 -g3 -DDEBUG -DUSE_HAL_DRIVER -DSTM32L476xx -c -I../Core/Inc -I../Drivers/STM32L4xx_HAL_Driver/Inc -I../Drivers/STM32L4xx_HAL_Driver/Inc/Legacy -I../Drivers/CMSIS/Device/ST/STM32L4xx/Include -I../Drivers/CMSIS/Include -O0 -ffunction-sections -fdata-sections -Wall -fstack-usage -fcyclomatic-complexity -MMD -MP -MF"Core/Src/main.d" -MT"Core/Src/main.o" --specs=nano.specs -mfpu=fpv4-sp-d16 -mfloat-abi=hard -mthumb -o "Core/Src/main.o"
arm-none-eabi-gcc -o "Blink_getTick.elf" @"objects.list"   -mcpu=cortex-m4 -T"C:\STM\stm_tutorial_salomon\Blink_getTick\STM32L476RGTX_FLASH.ld" --specs=nosys.specs -Wl,-Map="Blink_getTick.map" -Wl,--gc-sections -static --specs=nano.specs -mfpu=fpv4-sp-d16 -mfloat-abi=hard -mthumb -Wl,--start-group -lc -lm -Wl,--end-group
Finished building target: Blink_getTick.elf
 
arm-none-eabi-size   Blink_getTick.elf 
arm-none-eabi-objdump -h -S  Blink_getTick.elf  > "Blink_getTick.list"
   text	   data	    bss	    dec	    hex	filename
  12520	     20	   1716	  14256	   37b0	Blink_getTick.elf
Finished building: default.size.stdout
 
Finished building: Blink_getTick.list
 

14:07:59 Build Finished. 0 errors, 0 warnings. (took 1s.277ms)

