19:29:28 **** Incremental Build of configuration Debug for project State_machine ****
make -j8 all 
arm-none-eabi-gcc "../Core/Src/button.c" -mcpu=cortex-m4 -std=gnu11 -g3 -DDEBUG -DUSE_HAL_DRIVER -DSTM32L476xx -c -I../Core/Inc -I../Drivers/STM32L4xx_HAL_Driver/Inc -I../Drivers/STM32L4xx_HAL_Driver/Inc/Legacy -I../Drivers/CMSIS/Device/ST/STM32L4xx/Include -I../Drivers/CMSIS/Include -O0 -ffunction-sections -fdata-sections -Wall -fstack-usage -fcyclomatic-complexity -MMD -MP -MF"Core/Src/button.d" -MT"Core/Src/button.o" --specs=nano.specs -mfpu=fpv4-sp-d16 -mfloat-abi=hard -mthumb -o "Core/Src/button.o"
arm-none-eabi-gcc "../Core/Src/main.c" -mcpu=cortex-m4 -std=gnu11 -g3 -DDEBUG -DUSE_HAL_DRIVER -DSTM32L476xx -c -I../Core/Inc -I../Drivers/STM32L4xx_HAL_Driver/Inc -I../Drivers/STM32L4xx_HAL_Driver/Inc/Legacy -I../Drivers/CMSIS/Device/ST/STM32L4xx/Include -I../Drivers/CMSIS/Include -O0 -ffunction-sections -fdata-sections -Wall -fstack-usage -fcyclomatic-complexity -MMD -MP -MF"Core/Src/main.d" -MT"Core/Src/main.o" --specs=nano.specs -mfpu=fpv4-sp-d16 -mfloat-abi=hard -mthumb -o "Core/Src/main.o"
arm-none-eabi-gcc -o "State_machine.elf" @"objects.list"   -mcpu=cortex-m4 -T"C:\STM\stm_tutorial_salomon\State_machine\STM32L476RGTX_FLASH.ld" --specs=nosys.specs -Wl,-Map="State_machine.map" -Wl,--gc-sections -static --specs=nano.specs -mfpu=fpv4-sp-d16 -mfloat-abi=hard -mthumb -Wl,--start-group -lc -lm -Wl,--end-group
Finished building target: State_machine.elf
 
arm-none-eabi-size   State_machine.elf 
arm-none-eabi-objdump -h -S  State_machine.elf  > "State_machine.list"
   text	   data	    bss	    dec	    hex	filename
  12776	     20	   1732	  14528	   38c0	State_machine.elf
Finished building: default.size.stdout
 
Finished building: State_machine.list
 
20:30:44 **** Incremental Build of configuration Debug for project State_machine ****
make -j8 all 
arm-none-eabi-size   State_machine.elf 
   text	   data	    bss	    dec	    hex	filename
  12776	     20	   1732	  14528	   38c0	State_machine.elf
Finished building: default.size.stdout
 
20:33:00 **** Incremental Build of configuration Debug for project State_machine ****
make -j8 all 
arm-none-eabi-gcc "../Core/Src/main.c" -mcpu=cortex-m4 -std=gnu11 -g3 -DDEBUG -DUSE_HAL_DRIVER -DSTM32L476xx -c -I../Core/Inc -I../Drivers/STM32L4xx_HAL_Driver/Inc -I../Drivers/STM32L4xx_HAL_Driver/Inc/Legacy -I../Drivers/CMSIS/Device/ST/STM32L4xx/Include -I../Drivers/CMSIS/Include -O0 -ffunction-sections -fdata-sections -Wall -fstack-usage -fcyclomatic-complexity -MMD -MP -MF"Core/Src/main.d" -MT"Core/Src/main.o" --specs=nano.specs -mfpu=fpv4-sp-d16 -mfloat-abi=hard -mthumb -o "Core/Src/main.o"
arm-none-eabi-gcc -o "State_machine.elf" @"objects.list"   -mcpu=cortex-m4 -T"C:\STM\stm_tutorial_salomon\State_machine\STM32L476RGTX_FLASH.ld" --specs=nosys.specs -Wl,-Map="State_machine.map" -Wl,--gc-sections -static --specs=nano.specs -mfpu=fpv4-sp-d16 -mfloat-abi=hard -mthumb -Wl,--start-group -lc -lm -Wl,--end-group
Finished building target: State_machine.elf
 
arm-none-eabi-size   State_machine.elf 
arm-none-eabi-objdump -h -S  State_machine.elf  > "State_machine.list"
   text	   data	    bss	    dec	    hex	filename
  12776	     20	   1732	  14528	   38c0	State_machine.elf
Finished building: default.size.stdout
 
Finished building: State_machine.list
 
21:02:59 **** Incremental Build of configuration Debug for project State_machine ****
make -j8 all 
arm-none-eabi-gcc "../Core/Src/button.c" -mcpu=cortex-m4 -std=gnu11 -g3 -DDEBUG -DUSE_HAL_DRIVER -DSTM32L476xx -c -I../Core/Inc -I../Drivers/STM32L4xx_HAL_Driver/Inc -I../Drivers/STM32L4xx_HAL_Driver/Inc/Legacy -I../Drivers/CMSIS/Device/ST/STM32L4xx/Include -I../Drivers/CMSIS/Include -O0 -ffunction-sections -fdata-sections -Wall -fstack-usage -fcyclomatic-complexity -MMD -MP -MF"Core/Src/button.d" -MT"Core/Src/button.o" --specs=nano.specs -mfpu=fpv4-sp-d16 -mfloat-abi=hard -mthumb -o "Core/Src/button.o"
arm-none-eabi-gcc -o "State_machine.elf" @"objects.list"   -mcpu=cortex-m4 -T"C:\STM\stm_tutorial_salomon\State_machine\STM32L476RGTX_FLASH.ld" --specs=nosys.specs -Wl,-Map="State_machine.map" -Wl,--gc-sections -static --specs=nano.specs -mfpu=fpv4-sp-d16 -mfloat-abi=hard -mthumb -Wl,--start-group -lc -lm -Wl,--end-group
Finished building target: State_machine.elf
 
arm-none-eabi-size   State_machine.elf 
arm-none-eabi-objdump -h -S  State_machine.elf  > "State_machine.list"
   text	   data	    bss	    dec	    hex	filename
  12788	     20	   1732	  14540	   38cc	State_machine.elf
Finished building: default.size.stdout
 
Finished building: State_machine.list
 
23:11:15 **** Build of configuration Debug for project Blink_getTick ****
make -j8 all 
arm-none-eabi-gcc "../Core/Src/gpio.c" -mcpu=cortex-m4 -std=gnu11 -g3 -DDEBUG -DUSE_HAL_DRIVER -DSTM32L476xx -c -I../Core/Inc -I../Drivers/STM32L4xx_HAL_Driver/Inc -I../Drivers/STM32L4xx_HAL_Driver/Inc/Legacy -I../Drivers/CMSIS/Device/ST/STM32L4xx/Include -I../Drivers/CMSIS/Include -O0 -ffunction-sections -fdata-sections -Wall -fstack-usage -fcyclomatic-complexity -MMD -MP -MF"Core/Src/gpio.d" -MT"Core/Src/gpio.o" --specs=nano.specs -mfpu=fpv4-sp-d16 -mfloat-abi=hard -mthumb -o "Core/Src/gpio.o"
arm-none-eabi-gcc "../Core/Src/main.c" -mcpu=cortex-m4 -std=gnu11 -g3 -DDEBUG -DUSE_HAL_DRIVER -DSTM32L476xx -c -I../Core/Inc -I../Drivers/STM32L4xx_HAL_Driver/Inc -I../Drivers/STM32L4xx_HAL_Driver/Inc/Legacy -I../Drivers/CMSIS/Device/ST/STM32L4xx/Include -I../Drivers/CMSIS/Include -O0 -ffunction-sections -fdata-sections -Wall -fstack-usage -fcyclomatic-complexity -MMD -MP -MF"Core/Src/main.d" -MT"Core/Src/main.o" --specs=nano.specs -mfpu=fpv4-sp-d16 -mfloat-abi=hard -mthumb -o "Core/Src/main.o"
arm-none-eabi-gcc -o "Blink_getTick.elf" @"objects.list"   -mcpu=cortex-m4 -T"C:\STM\stm_tutorial_salomon\Blink_getTick\STM32L476RGTX_FLASH.ld" --specs=nosys.specs -Wl,-Map="Blink_getTick.map" -Wl,--gc-sections -static --specs=nano.specs -mfpu=fpv4-sp-d16 -mfloat-abi=hard -mthumb -Wl,--start-group -lc -lm -Wl,--end-group
Finished building target: Blink_getTick.elf
 
arm-none-eabi-size   Blink_getTick.elf 
arm-none-eabi-objdump -h -S  Blink_getTick.elf  > "Blink_getTick.list"
   text	   data	    bss	    dec	    hex	filename
  12492	     20	   1716	  14228	   3794	Blink_getTick.elf
Finished building: default.size.stdout
 
Finished building: Blink_getTick.list
 
23:11:16 **** Incremental Build of configuration Debug for project State_machine ****
make -j8 all 
arm-none-eabi-gcc "../Core/Src/button.c" -mcpu=cortex-m4 -std=gnu11 -g3 -DDEBUG -DUSE_HAL_DRIVER -DSTM32L476xx -c -I../Core/Inc -I../Drivers/STM32L4xx_HAL_Driver/Inc -I../Drivers/STM32L4xx_HAL_Driver/Inc/Legacy -I../Drivers/CMSIS/Device/ST/STM32L4xx/Include -I../Drivers/CMSIS/Include -O0 -ffunction-sections -fdata-sections -Wall -fstack-usage -fcyclomatic-complexity -MMD -MP -MF"Core/Src/button.d" -MT"Core/Src/button.o" --specs=nano.specs -mfpu=fpv4-sp-d16 -mfloat-abi=hard -mthumb -o "Core/Src/button.o"
arm-none-eabi-gcc "../Core/Src/main.c" -mcpu=cortex-m4 -std=gnu11 -g3 -DDEBUG -DUSE_HAL_DRIVER -DSTM32L476xx -c -I../Core/Inc -I../Drivers/STM32L4xx_HAL_Driver/Inc -I../Drivers/STM32L4xx_HAL_Driver/Inc/Legacy -I../Drivers/CMSIS/Device/ST/STM32L4xx/Include -I../Drivers/CMSIS/Include -O0 -ffunction-sections -fdata-sections -Wall -fstack-usage -fcyclomatic-complexity -MMD -MP -MF"Core/Src/main.d" -MT"Core/Src/main.o" --specs=nano.specs -mfpu=fpv4-sp-d16 -mfloat-abi=hard -mthumb -o "Core/Src/main.o"
arm-none-eabi-gcc -o "State_machine.elf" @"objects.list"   -mcpu=cortex-m4 -T"C:\STM\stm_tutorial_salomon\State_machine\STM32L476RGTX_FLASH.ld" --specs=nosys.specs -Wl,-Map="State_machine.map" -Wl,--gc-sections -static --specs=nano.specs -mfpu=fpv4-sp-d16 -mfloat-abi=hard -mthumb -Wl,--start-group -lc -lm -Wl,--end-group
Finished building target: State_machine.elf
 
arm-none-eabi-size   State_machine.elf 
arm-none-eabi-objdump -h -S  State_machine.elf  > "State_machine.list"
   text	   data	    bss	    dec	    hex	filename
  12804	     20	   1732	  14556	   38dc	State_machine.elf
Finished building: default.size.stdout
 
Finished building: State_machine.list
 
23:28:11 **** Incremental Build of configuration Debug for project Blink_getTick ****
make -j8 all 
arm-none-eabi-size   Blink_getTick.elf 
   text	   data	    bss	    dec	    hex	filename
  12492	     20	   1716	  14228	   3794	Blink_getTick.elf
Finished building: default.size.stdout
 
23:28:12 **** Incremental Build of configuration Debug for project State_machine ****
make -j8 all 
arm-none-eabi-gcc "../Core/Src/button.c" -mcpu=cortex-m4 -std=gnu11 -g3 -DDEBUG -DUSE_HAL_DRIVER -DSTM32L476xx -c -I../Core/Inc -I../Drivers/STM32L4xx_HAL_Driver/Inc -I../Drivers/STM32L4xx_HAL_Driver/Inc/Legacy -I../Drivers/CMSIS/Device/ST/STM32L4xx/Include -I../Drivers/CMSIS/Include -O0 -ffunction-sections -fdata-sections -Wall -fstack-usage -fcyclomatic-complexity -MMD -MP -MF"Core/Src/button.d" -MT"Core/Src/button.o" --specs=nano.specs -mfpu=fpv4-sp-d16 -mfloat-abi=hard -mthumb -o "Core/Src/button.o"
arm-none-eabi-gcc "../Core/Src/main.c" -mcpu=cortex-m4 -std=gnu11 -g3 -DDEBUG -DUSE_HAL_DRIVER -DSTM32L476xx -c -I../Core/Inc -I../Drivers/STM32L4xx_HAL_Driver/Inc -I../Drivers/STM32L4xx_HAL_Driver/Inc/Legacy -I../Drivers/CMSIS/Device/ST/STM32L4xx/Include -I../Drivers/CMSIS/Include -O0 -ffunction-sections -fdata-sections -Wall -fstack-usage -fcyclomatic-complexity -MMD -MP -MF"Core/Src/main.d" -MT"Core/Src/main.o" --specs=nano.specs -mfpu=fpv4-sp-d16 -mfloat-abi=hard -mthumb -o "Core/Src/main.o"
../Core/Src/main.c: In function 'main':
../Core/Src/main.c:91:3: error: too few arguments to function 'ButtonInitKey'
   91 |   ButtonInitKey(&BlueKey, B1_GPIO_Port, B1_Pin, 50);
      |   ^~~~~~~~~~~~~
In file included from ../Core/Src/main.c:26:
../Core/Inc/button.h:32:6: note: declared here
   32 | void ButtonInitKey(TButton *Key, GPIO_TypeDef *GpioPort, uint16_t GpioPin,
      |      ^~~~~~~~~~~~~
make: *** [Core/Src/subdir.mk:43: Core/Src/main.o] Error 1
make: *** Waiting for unfinished jobs....
"make -j8 all" terminated with exit code 2. Build might be incomplete.
23:28:59 **** Incremental Build of configuration Debug for project Blink_getTick ****
make -j8 all 
arm-none-eabi-size   Blink_getTick.elf 
   text	   data	    bss	    dec	    hex	filename
  12492	     20	   1716	  14228	   3794	Blink_getTick.elf
Finished building: default.size.stdout
 
23:28:59 **** Incremental Build of configuration Debug for project State_machine ****
make -j8 all 
arm-none-eabi-gcc "../Core/Src/button.c" -mcpu=cortex-m4 -std=gnu11 -g3 -DDEBUG -DUSE_HAL_DRIVER -DSTM32L476xx -c -I../Core/Inc -I../Drivers/STM32L4xx_HAL_Driver/Inc -I../Drivers/STM32L4xx_HAL_Driver/Inc/Legacy -I../Drivers/CMSIS/Device/ST/STM32L4xx/Include -I../Drivers/CMSIS/Include -O0 -ffunction-sections -fdata-sections -Wall -fstack-usage -fcyclomatic-complexity -MMD -MP -MF"Core/Src/button.d" -MT"Core/Src/button.o" --specs=nano.specs -mfpu=fpv4-sp-d16 -mfloat-abi=hard -mthumb -o "Core/Src/button.o"
arm-none-eabi-gcc "../Core/Src/main.c" -mcpu=cortex-m4 -std=gnu11 -g3 -DDEBUG -DUSE_HAL_DRIVER -DSTM32L476xx -c -I../Core/Inc -I../Drivers/STM32L4xx_HAL_Driver/Inc -I../Drivers/STM32L4xx_HAL_Driver/Inc/Legacy -I../Drivers/CMSIS/Device/ST/STM32L4xx/Include -I../Drivers/CMSIS/Include -O0 -ffunction-sections -fdata-sections -Wall -fstack-usage -fcyclomatic-complexity -MMD -MP -MF"Core/Src/main.d" -MT"Core/Src/main.o" --specs=nano.specs -mfpu=fpv4-sp-d16 -mfloat-abi=hard -mthumb -o "Core/Src/main.o"
../Core/Src/button.c: In function 'ButtonLongPress':
../Core/Src/button.c:40:12: warning: statement with no effect [-Wunused-value]
   40 |         Key->ButtonPressed;
      |         ~~~^~~~~~~~~~~~~~~
../Core/Src/button.c: In function 'ButtonRepeat':
../Core/Src/button.c:44:12: warning: statement with no effect [-Wunused-value]
   44 |         Key->ButtonRepeat;
      |         ~~~^~~~~~~~~~~~~~
../Core/Src/main.c: In function 'main':
../Core/Src/main.c:91:3: error: too few arguments to function 'ButtonInitKey'
   91 |   ButtonInitKey(&BlueKey, B1_GPIO_Port, B1_Pin, 50);
      |   ^~~~~~~~~~~~~
In file included from ../Core/Src/main.c:26:
../Core/Inc/button.h:32:6: note: declared here
   32 | void ButtonInitKey(TButton *Key, GPIO_TypeDef *GpioPort, uint16_t GpioPin,
      |      ^~~~~~~~~~~~~
make: *** [Core/Src/subdir.mk:43: Core/Src/main.o] Error 1
make: *** Waiting for unfinished jobs....
"make -j8 all" terminated with exit code 2. Build might be incomplete.
23:30:01 **** Incremental Build of configuration Debug for project Blink_getTick ****
make -j8 all 
arm-none-eabi-size   Blink_getTick.elf 
   text	   data	    bss	    dec	    hex	filename
  12492	     20	   1716	  14228	   3794	Blink_getTick.elf
Finished building: default.size.stdout
 
23:30:01 **** Incremental Build of configuration Debug for project State_machine ****
make -j8 all 
arm-none-eabi-gcc "../Core/Src/main.c" -mcpu=cortex-m4 -std=gnu11 -g3 -DDEBUG -DUSE_HAL_DRIVER -DSTM32L476xx -c -I../Core/Inc -I../Drivers/STM32L4xx_HAL_Driver/Inc -I../Drivers/STM32L4xx_HAL_Driver/Inc/Legacy -I../Drivers/CMSIS/Device/ST/STM32L4xx/Include -I../Drivers/CMSIS/Include -O0 -ffunction-sections -fdata-sections -Wall -fstack-usage -fcyclomatic-complexity -MMD -MP -MF"Core/Src/main.d" -MT"Core/Src/main.o" --specs=nano.specs -mfpu=fpv4-sp-d16 -mfloat-abi=hard -mthumb -o "Core/Src/main.o"
arm-none-eabi-gcc -o "State_machine.elf" @"objects.list"   -mcpu=cortex-m4 -T"C:\STM\stm_tutorial_salomon\State_machine\STM32L476RGTX_FLASH.ld" --specs=nosys.specs -Wl,-Map="State_machine.map" -Wl,--gc-sections -static --specs=nano.specs -mfpu=fpv4-sp-d16 -mfloat-abi=hard -mthumb -Wl,--start-group -lc -lm -Wl,--end-group
Finished building target: State_machine.elf
 
arm-none-eabi-size   State_machine.elf 
arm-none-eabi-objdump -h -S  State_machine.elf  > "State_machine.list"
   text	   data	    bss	    dec	    hex	filename
  12848	     20	   1748	  14616	   3918	State_machine.elf
Finished building: default.size.stdout
 
Finished building: State_machine.list
 
23:30:51 **** Incremental Build of configuration Debug for project Blink_getTick ****
make -j8 all 
arm-none-eabi-size   Blink_getTick.elf 
   text	   data	    bss	    dec	    hex	filename
  12492	     20	   1716	  14228	   3794	Blink_getTick.elf
Finished building: default.size.stdout
 
23:30:51 **** Incremental Build of configuration Debug for project State_machine ****
make -j8 all 
arm-none-eabi-gcc "../Core/Src/button.c" -mcpu=cortex-m4 -std=gnu11 -g3 -DDEBUG -DUSE_HAL_DRIVER -DSTM32L476xx -c -I../Core/Inc -I../Drivers/STM32L4xx_HAL_Driver/Inc -I../Drivers/STM32L4xx_HAL_Driver/Inc/Legacy -I../Drivers/CMSIS/Device/ST/STM32L4xx/Include -I../Drivers/CMSIS/Include -O0 -ffunction-sections -fdata-sections -Wall -fstack-usage -fcyclomatic-complexity -MMD -MP -MF"Core/Src/button.d" -MT"Core/Src/button.o" --specs=nano.specs -mfpu=fpv4-sp-d16 -mfloat-abi=hard -mthumb -o "Core/Src/button.o"
../Core/Src/button.c: In function 'ButtonLongPress':
../Core/Src/button.c:40:27: error: request for member 'Callback' in something not a structure or union
   40 |         Key->ButtonPressed-> Callback;
      |                           ^~
../Core/Src/button.c: In function 'ButtonRepeat':
../Core/Src/button.c:44:27: error: request for member 'Callback' in something not a structure or union
   44 |         Key->ButtonRepeat -> Callback;
      |                           ^~
make: *** [Core/Src/subdir.mk:43: Core/Src/button.o] Error 1
"make -j8 all" terminated with exit code 2. Build might be incomplete.
23:31:10 **** Incremental Build of configuration Debug for project Blink_getTick ****
make -j8 all 
arm-none-eabi-size   Blink_getTick.elf 
   text	   data	    bss	    dec	    hex	filename
  12492	     20	   1716	  14228	   3794	Blink_getTick.elf
Finished building: default.size.stdout
 
23:31:10 **** Incremental Build of configuration Debug for project State_machine ****
make -j8 all 
arm-none-eabi-gcc "../Core/Src/button.c" -mcpu=cortex-m4 -std=gnu11 -g3 -DDEBUG -DUSE_HAL_DRIVER -DSTM32L476xx -c -I../Core/Inc -I../Drivers/STM32L4xx_HAL_Driver/Inc -I../Drivers/STM32L4xx_HAL_Driver/Inc/Legacy -I../Drivers/CMSIS/Device/ST/STM32L4xx/Include -I../Drivers/CMSIS/Include -O0 -ffunction-sections -fdata-sections -Wall -fstack-usage -fcyclomatic-complexity -MMD -MP -MF"Core/Src/button.d" -MT"Core/Src/button.o" --specs=nano.specs -mfpu=fpv4-sp-d16 -mfloat-abi=hard -mthumb -o "Core/Src/button.o"
arm-none-eabi-gcc -o "State_machine.elf" @"objects.list"   -mcpu=cortex-m4 -T"C:\STM\stm_tutorial_salomon\State_machine\STM32L476RGTX_FLASH.ld" --specs=nosys.specs -Wl,-Map="State_machine.map" -Wl,--gc-sections -static --specs=nano.specs -mfpu=fpv4-sp-d16 -mfloat-abi=hard -mthumb -Wl,--start-group -lc -lm -Wl,--end-group
Finished building target: State_machine.elf
 
arm-none-eabi-size   State_machine.elf 
arm-none-eabi-objdump -h -S  State_machine.elf  > "State_machine.list"
   text	   data	    bss	    dec	    hex	filename
  12848	     20	   1748	  14616	   3918	State_machine.elf
Finished building: default.size.stdout
 
Finished building: State_machine.list
 
23:33:18 **** Incremental Build of configuration Debug for project Blink_getTick ****
make -j8 all 
arm-none-eabi-size   Blink_getTick.elf 
   text	   data	    bss	    dec	    hex	filename
  12492	     20	   1716	  14228	   3794	Blink_getTick.elf
Finished building: default.size.stdout
 
23:33:19 **** Incremental Build of configuration Debug for project State_machine ****
make -j8 all 
arm-none-eabi-gcc "../Core/Src/button.c" -mcpu=cortex-m4 -std=gnu11 -g3 -DDEBUG -DUSE_HAL_DRIVER -DSTM32L476xx -c -I../Core/Inc -I../Drivers/STM32L4xx_HAL_Driver/Inc -I../Drivers/STM32L4xx_HAL_Driver/Inc/Legacy -I../Drivers/CMSIS/Device/ST/STM32L4xx/Include -I../Drivers/CMSIS/Include -O0 -ffunction-sections -fdata-sections -Wall -fstack-usage -fcyclomatic-complexity -MMD -MP -MF"Core/Src/button.d" -MT"Core/Src/button.o" --specs=nano.specs -mfpu=fpv4-sp-d16 -mfloat-abi=hard -mthumb -o "Core/Src/button.o"
arm-none-eabi-gcc "../Core/Src/main.c" -mcpu=cortex-m4 -std=gnu11 -g3 -DDEBUG -DUSE_HAL_DRIVER -DSTM32L476xx -c -I../Core/Inc -I../Drivers/STM32L4xx_HAL_Driver/Inc -I../Drivers/STM32L4xx_HAL_Driver/Inc/Legacy -I../Drivers/CMSIS/Device/ST/STM32L4xx/Include -I../Drivers/CMSIS/Include -O0 -ffunction-sections -fdata-sections -Wall -fstack-usage -fcyclomatic-complexity -MMD -MP -MF"Core/Src/main.d" -MT"Core/Src/main.o" --specs=nano.specs -mfpu=fpv4-sp-d16 -mfloat-abi=hard -mthumb -o "Core/Src/main.o"
arm-none-eabi-gcc -o "State_machine.elf" @"objects.list"   -mcpu=cortex-m4 -T"C:\STM\stm_tutorial_salomon\State_machine\STM32L476RGTX_FLASH.ld" --specs=nosys.specs -Wl,-Map="State_machine.map" -Wl,--gc-sections -static --specs=nano.specs -mfpu=fpv4-sp-d16 -mfloat-abi=hard -mthumb -Wl,--start-group -lc -lm -Wl,--end-group
Finished building target: State_machine.elf
 
arm-none-eabi-size   State_machine.elf 
arm-none-eabi-objdump -h -S  State_machine.elf  > "State_machine.list"
   text	   data	    bss	    dec	    hex	filename
  12852	     20	   1748	  14620	   391c	State_machine.elf
Finished building: default.size.stdout
 
Finished building: State_machine.list
 
23:39:02 **** Incremental Build of configuration Debug for project Blink_getTick ****
make -j8 all 
arm-none-eabi-size   Blink_getTick.elf 
   text	   data	    bss	    dec	    hex	filename
  12492	     20	   1716	  14228	   3794	Blink_getTick.elf
Finished building: default.size.stdout
 
23:39:02 **** Incremental Build of configuration Debug for project State_machine ****
make -j8 all 
arm-none-eabi-gcc "../Core/Src/button.c" -mcpu=cortex-m4 -std=gnu11 -g3 -DDEBUG -DUSE_HAL_DRIVER -DSTM32L476xx -c -I../Core/Inc -I../Drivers/STM32L4xx_HAL_Driver/Inc -I../Drivers/STM32L4xx_HAL_Driver/Inc/Legacy -I../Drivers/CMSIS/Device/ST/STM32L4xx/Include -I../Drivers/CMSIS/Include -O0 -ffunction-sections -fdata-sections -Wall -fstack-usage -fcyclomatic-complexity -MMD -MP -MF"Core/Src/button.d" -MT"Core/Src/button.o" --specs=nano.specs -mfpu=fpv4-sp-d16 -mfloat-abi=hard -mthumb -o "Core/Src/button.o"
arm-none-eabi-gcc "../Core/Src/main.c" -mcpu=cortex-m4 -std=gnu11 -g3 -DDEBUG -DUSE_HAL_DRIVER -DSTM32L476xx -c -I../Core/Inc -I../Drivers/STM32L4xx_HAL_Driver/Inc -I../Drivers/STM32L4xx_HAL_Driver/Inc/Legacy -I../Drivers/CMSIS/Device/ST/STM32L4xx/Include -I../Drivers/CMSIS/Include -O0 -ffunction-sections -fdata-sections -Wall -fstack-usage -fcyclomatic-complexity -MMD -MP -MF"Core/Src/main.d" -MT"Core/Src/main.o" --specs=nano.specs -mfpu=fpv4-sp-d16 -mfloat-abi=hard -mthumb -o "Core/Src/main.o"
arm-none-eabi-gcc -o "State_machine.elf" @"objects.list"   -mcpu=cortex-m4 -T"C:\STM\stm_tutorial_salomon\State_machine\STM32L476RGTX_FLASH.ld" --specs=nosys.specs -Wl,-Map="State_machine.map" -Wl,--gc-sections -static --specs=nano.specs -mfpu=fpv4-sp-d16 -mfloat-abi=hard -mthumb -Wl,--start-group -lc -lm -Wl,--end-group
Finished building target: State_machine.elf
 
arm-none-eabi-size   State_machine.elf 
arm-none-eabi-objdump -h -S  State_machine.elf  > "State_machine.list"
   text	   data	    bss	    dec	    hex	filename
  12852	     20	   1748	  14620	   391c	State_machine.elf
Finished building: default.size.stdout
 
Finished building: State_machine.list
 
22:05:46 **** Incremental Build of configuration Debug for project Blink_getTick ****
make -j8 all 
arm-none-eabi-size   Blink_getTick.elf 
   text	   data	    bss	    dec	    hex	filename
  12492	     20	   1716	  14228	   3794	Blink_getTick.elf
Finished building: default.size.stdout
 
22:05:47 **** Incremental Build of configuration Debug for project State_machine ****
make -j8 all 
arm-none-eabi-gcc "../Core/Src/button.c" -mcpu=cortex-m4 -std=gnu11 -g3 -DDEBUG -DUSE_HAL_DRIVER -DSTM32L476xx -c -I../Core/Inc -I../Drivers/STM32L4xx_HAL_Driver/Inc -I../Drivers/STM32L4xx_HAL_Driver/Inc/Legacy -I../Drivers/CMSIS/Device/ST/STM32L4xx/Include -I../Drivers/CMSIS/Include -O0 -ffunction-sections -fdata-sections -Wall -fstack-usage -fcyclomatic-complexity -MMD -MP -MF"Core/Src/button.d" -MT"Core/Src/button.o" --specs=nano.specs -mfpu=fpv4-sp-d16 -mfloat-abi=hard -mthumb -o "Core/Src/button.o"
arm-none-eabi-gcc -o "State_machine.elf" @"objects.list"   -mcpu=cortex-m4 -T"C:\STM\stm_tutorial_salomon\State_machine\STM32L476RGTX_FLASH.ld" --specs=nosys.specs -Wl,-Map="State_machine.map" -Wl,--gc-sections -static --specs=nano.specs -mfpu=fpv4-sp-d16 -mfloat-abi=hard -mthumb -Wl,--start-group -lc -lm -Wl,--end-group
Finished building target: State_machine.elf
 
arm-none-eabi-size   State_machine.elf 
arm-none-eabi-objdump -h -S  State_machine.elf  > "State_machine.list"
   text	   data	    bss	    dec	    hex	filename
  12912	     20	   1748	  14680	   3958	State_machine.elf
Finished building: default.size.stdout
 
Finished building: State_machine.list
 
22:16:18 **** Incremental Build of configuration Debug for project Blink_getTick ****
make -j8 all 
arm-none-eabi-size   Blink_getTick.elf 
   text	   data	    bss	    dec	    hex	filename
  12492	     20	   1716	  14228	   3794	Blink_getTick.elf
Finished building: default.size.stdout
 
22:16:18 **** Incremental Build of configuration Debug for project State_machine ****
make -j8 all 
arm-none-eabi-gcc "../Core/Src/button.c" -mcpu=cortex-m4 -std=gnu11 -g3 -DDEBUG -DUSE_HAL_DRIVER -DSTM32L476xx -c -I../Core/Inc -I../Drivers/STM32L4xx_HAL_Driver/Inc -I../Drivers/STM32L4xx_HAL_Driver/Inc/Legacy -I../Drivers/CMSIS/Device/ST/STM32L4xx/Include -I../Drivers/CMSIS/Include -O0 -ffunction-sections -fdata-sections -Wall -fstack-usage -fcyclomatic-complexity -MMD -MP -MF"Core/Src/button.d" -MT"Core/Src/button.o" --specs=nano.specs -mfpu=fpv4-sp-d16 -mfloat-abi=hard -mthumb -o "Core/Src/button.o"
arm-none-eabi-gcc -o "State_machine.elf" @"objects.list"   -mcpu=cortex-m4 -T"C:\STM\stm_tutorial_salomon\State_machine\STM32L476RGTX_FLASH.ld" --specs=nosys.specs -Wl,-Map="State_machine.map" -Wl,--gc-sections -static --specs=nano.specs -mfpu=fpv4-sp-d16 -mfloat-abi=hard -mthumb -Wl,--start-group -lc -lm -Wl,--end-group
Finished building target: State_machine.elf
 
arm-none-eabi-size   State_machine.elf 
arm-none-eabi-objdump -h -S  State_machine.elf  > "State_machine.list"
   text	   data	    bss	    dec	    hex	filename
  12972	     20	   1748	  14740	   3994	State_machine.elf
Finished building: default.size.stdout
 
Finished building: State_machine.list
 
22:29:11 **** Incremental Build of configuration Debug for project Blink_getTick ****
make -j8 all 
arm-none-eabi-size   Blink_getTick.elf 
   text	   data	    bss	    dec	    hex	filename
  12492	     20	   1716	  14228	   3794	Blink_getTick.elf
Finished building: default.size.stdout
 
22:29:11 **** Incremental Build of configuration Debug for project State_machine ****
make -j8 all 
arm-none-eabi-gcc "../Core/Src/main.c" -mcpu=cortex-m4 -std=gnu11 -g3 -DDEBUG -DUSE_HAL_DRIVER -DSTM32L476xx -c -I../Core/Inc -I../Drivers/STM32L4xx_HAL_Driver/Inc -I../Drivers/STM32L4xx_HAL_Driver/Inc/Legacy -I../Drivers/CMSIS/Device/ST/STM32L4xx/Include -I../Drivers/CMSIS/Include -O0 -ffunction-sections -fdata-sections -Wall -fstack-usage -fcyclomatic-complexity -MMD -MP -MF"Core/Src/main.d" -MT"Core/Src/main.o" --specs=nano.specs -mfpu=fpv4-sp-d16 -mfloat-abi=hard -mthumb -o "Core/Src/main.o"
arm-none-eabi-gcc -o "State_machine.elf" @"objects.list"   -mcpu=cortex-m4 -T"C:\STM\stm_tutorial_salomon\State_machine\STM32L476RGTX_FLASH.ld" --specs=nosys.specs -Wl,-Map="State_machine.map" -Wl,--gc-sections -static --specs=nano.specs -mfpu=fpv4-sp-d16 -mfloat-abi=hard -mthumb -Wl,--start-group -lc -lm -Wl,--end-group
Finished building target: State_machine.elf
 
arm-none-eabi-size   State_machine.elf 
arm-none-eabi-objdump -h -S  State_machine.elf  > "State_machine.list"
   text	   data	    bss	    dec	    hex	filename
  12972	     20	   1748	  14740	   3994	State_machine.elf
Finished building: default.size.stdout
 
Finished building: State_machine.list
 
22:31:55 **** Incremental Build of configuration Debug for project Blink_getTick ****
make -j8 all 
arm-none-eabi-size   Blink_getTick.elf 
   text	   data	    bss	    dec	    hex	filename
  12492	     20	   1716	  14228	   3794	Blink_getTick.elf
Finished building: default.size.stdout
 
22:31:55 **** Incremental Build of configuration Debug for project State_machine ****
make -j8 all 
arm-none-eabi-gcc "../Core/Src/main.c" -mcpu=cortex-m4 -std=gnu11 -g3 -DDEBUG -DUSE_HAL_DRIVER -DSTM32L476xx -c -I../Core/Inc -I../Drivers/STM32L4xx_HAL_Driver/Inc -I../Drivers/STM32L4xx_HAL_Driver/Inc/Legacy -I../Drivers/CMSIS/Device/ST/STM32L4xx/Include -I../Drivers/CMSIS/Include -O0 -ffunction-sections -fdata-sections -Wall -fstack-usage -fcyclomatic-complexity -MMD -MP -MF"Core/Src/main.d" -MT"Core/Src/main.o" --specs=nano.specs -mfpu=fpv4-sp-d16 -mfloat-abi=hard -mthumb -o "Core/Src/main.o"
../Core/Src/main.c: In function 'main':
../Core/Src/main.c:94:41: error: invalid use of void expression
   94 |   ButtonRegisterPressCallback(&BlueKey, TurnOnLed());
      |                                         ^~~~~~~~~~~
../Core/Src/main.c:95:37: error: invalid use of void expression
   95 |   ButtonLongPressCallback(&BlueKey, TurnOffLed());
      |                                     ^~~~~~~~~~~~
../Core/Src/main.c:96:34: error: invalid use of void expression
   96 |   ButtonRepeatCallback(&BlueKey, ToggleLed());
      |                                  ^~~~~~~~~~~
make: *** [Core/Src/subdir.mk:43: Core/Src/main.o] Error 1
"make -j8 all" terminated with exit code 2. Build might be incomplete.
22:32:58 **** Incremental Build of configuration Debug for project Blink_getTick ****
make -j8 all 
arm-none-eabi-size   Blink_getTick.elf 
   text	   data	    bss	    dec	    hex	filename
  12492	     20	   1716	  14228	   3794	Blink_getTick.elf
Finished building: default.size.stdout
 
22:32:58 **** Incremental Build of configuration Debug for project State_machine ****
make -j8 all 
arm-none-eabi-gcc "../Core/Src/main.c" -mcpu=cortex-m4 -std=gnu11 -g3 -DDEBUG -DUSE_HAL_DRIVER -DSTM32L476xx -c -I../Core/Inc -I../Drivers/STM32L4xx_HAL_Driver/Inc -I../Drivers/STM32L4xx_HAL_Driver/Inc/Legacy -I../Drivers/CMSIS/Device/ST/STM32L4xx/Include -I../Drivers/CMSIS/Include -O0 -ffunction-sections -fdata-sections -Wall -fstack-usage -fcyclomatic-complexity -MMD -MP -MF"Core/Src/main.d" -MT"Core/Src/main.o" --specs=nano.specs -mfpu=fpv4-sp-d16 -mfloat-abi=hard -mthumb -o "Core/Src/main.o"
arm-none-eabi-gcc -o "State_machine.elf" @"objects.list"   -mcpu=cortex-m4 -T"C:\STM\stm_tutorial_salomon\State_machine\STM32L476RGTX_FLASH.ld" --specs=nosys.specs -Wl,-Map="State_machine.map" -Wl,--gc-sections -static --specs=nano.specs -mfpu=fpv4-sp-d16 -mfloat-abi=hard -mthumb -Wl,--start-group -lc -lm -Wl,--end-group
Finished building target: State_machine.elf
 
arm-none-eabi-size   State_machine.elf 
arm-none-eabi-objdump -h -S  State_machine.elf  > "State_machine.list"
   text	   data	    bss	    dec	    hex	filename
  13092	     20	   1748	  14860	   3a0c	State_machine.elf
Finished building: default.size.stdout
 
Finished building: State_machine.list
 
22:33:27 **** Incremental Build of configuration Debug for project Blink_getTick ****
make -j8 all 
arm-none-eabi-size   Blink_getTick.elf 
   text	   data	    bss	    dec	    hex	filename
  12492	     20	   1716	  14228	   3794	Blink_getTick.elf
Finished building: default.size.stdout
 
22:33:27 **** Incremental Build of configuration Debug for project State_machine ****
make -j8 all 
arm-none-eabi-gcc "../Core/Src/button.c" -mcpu=cortex-m4 -std=gnu11 -g3 -DDEBUG -DUSE_HAL_DRIVER -DSTM32L476xx -c -I../Core/Inc -I../Drivers/STM32L4xx_HAL_Driver/Inc -I../Drivers/STM32L4xx_HAL_Driver/Inc/Legacy -I../Drivers/CMSIS/Device/ST/STM32L4xx/Include -I../Drivers/CMSIS/Include -O0 -ffunction-sections -fdata-sections -Wall -fstack-usage -fcyclomatic-complexity -MMD -MP -MF"Core/Src/button.d" -MT"Core/Src/button.o" --specs=nano.specs -mfpu=fpv4-sp-d16 -mfloat-abi=hard -mthumb -o "Core/Src/button.o"
arm-none-eabi-gcc "../Core/Src/main.c" -mcpu=cortex-m4 -std=gnu11 -g3 -DDEBUG -DUSE_HAL_DRIVER -DSTM32L476xx -c -I../Core/Inc -I../Drivers/STM32L4xx_HAL_Driver/Inc -I../Drivers/STM32L4xx_HAL_Driver/Inc/Legacy -I../Drivers/CMSIS/Device/ST/STM32L4xx/Include -I../Drivers/CMSIS/Include -O0 -ffunction-sections -fdata-sections -Wall -fstack-usage -fcyclomatic-complexity -MMD -MP -MF"Core/Src/main.d" -MT"Core/Src/main.o" --specs=nano.specs -mfpu=fpv4-sp-d16 -mfloat-abi=hard -mthumb -o "Core/Src/main.o"
arm-none-eabi-gcc -o "State_machine.elf" @"objects.list"   -mcpu=cortex-m4 -T"C:\STM\stm_tutorial_salomon\State_machine\STM32L476RGTX_FLASH.ld" --specs=nosys.specs -Wl,-Map="State_machine.map" -Wl,--gc-sections -static --specs=nano.specs -mfpu=fpv4-sp-d16 -mfloat-abi=hard -mthumb -Wl,--start-group -lc -lm -Wl,--end-group
Finished building target: State_machine.elf
 
arm-none-eabi-size   State_machine.elf 
arm-none-eabi-objdump -h -S  State_machine.elf  > "State_machine.list"
   text	   data	    bss	    dec	    hex	filename
  13092	     20	   1748	  14860	   3a0c	State_machine.elf
Finished building: default.size.stdout
 
Finished building: State_machine.list
 
22:33:43 **** Incremental Build of configuration Debug for project State_machine ****
make -j8 all 
arm-none-eabi-size   State_machine.elf 
   text	   data	    bss	    dec	    hex	filename
  13092	     20	   1748	  14860	   3a0c	State_machine.elf
Finished building: default.size.stdout
 
22:37:05 **** Incremental Build of configuration Debug for project Blink_getTick ****
make -j8 all 
arm-none-eabi-size   Blink_getTick.elf 
   text	   data	    bss	    dec	    hex	filename
  12492	     20	   1716	  14228	   3794	Blink_getTick.elf
Finished building: default.size.stdout
 
22:37:05 **** Incremental Build of configuration Debug for project State_machine ****
make -j8 all 
arm-none-eabi-gcc "../Core/Src/main.c" -mcpu=cortex-m4 -std=gnu11 -g3 -DDEBUG -DUSE_HAL_DRIVER -DSTM32L476xx -c -I../Core/Inc -I../Drivers/STM32L4xx_HAL_Driver/Inc -I../Drivers/STM32L4xx_HAL_Driver/Inc/Legacy -I../Drivers/CMSIS/Device/ST/STM32L4xx/Include -I../Drivers/CMSIS/Include -O0 -ffunction-sections -fdata-sections -Wall -fstack-usage -fcyclomatic-complexity -MMD -MP -MF"Core/Src/main.d" -MT"Core/Src/main.o" --specs=nano.specs -mfpu=fpv4-sp-d16 -mfloat-abi=hard -mthumb -o "Core/Src/main.o"
arm-none-eabi-gcc -o "State_machine.elf" @"objects.list"   -mcpu=cortex-m4 -T"C:\STM\stm_tutorial_salomon\State_machine\STM32L476RGTX_FLASH.ld" --specs=nosys.specs -Wl,-Map="State_machine.map" -Wl,--gc-sections -static --specs=nano.specs -mfpu=fpv4-sp-d16 -mfloat-abi=hard -mthumb -Wl,--start-group -lc -lm -Wl,--end-group
Finished building target: State_machine.elf
 
arm-none-eabi-size   State_machine.elf 
arm-none-eabi-objdump -h -S  State_machine.elf  > "State_machine.list"
   text	   data	    bss	    dec	    hex	filename
  13108	     20	   1748	  14876	   3a1c	State_machine.elf
Finished building: default.size.stdout
 
Finished building: State_machine.list
 
22:37:08 **** Incremental Build of configuration Debug for project State_machine ****
make -j8 all 
arm-none-eabi-size   State_machine.elf 
   text	   data	    bss	    dec	    hex	filename
  13108	     20	   1748	  14876	   3a1c	State_machine.elf
Finished building: default.size.stdout
 
22:39:08 **** Incremental Build of configuration Debug for project State_machine ****
make -j8 all 
arm-none-eabi-gcc "../Core/Src/main.c" -mcpu=cortex-m4 -std=gnu11 -g3 -DDEBUG -DUSE_HAL_DRIVER -DSTM32L476xx -c -I../Core/Inc -I../Drivers/STM32L4xx_HAL_Driver/Inc -I../Drivers/STM32L4xx_HAL_Driver/Inc/Legacy -I../Drivers/CMSIS/Device/ST/STM32L4xx/Include -I../Drivers/CMSIS/Include -O0 -ffunction-sections -fdata-sections -Wall -fstack-usage -fcyclomatic-complexity -MMD -MP -MF"Core/Src/main.d" -MT"Core/Src/main.o" --specs=nano.specs -mfpu=fpv4-sp-d16 -mfloat-abi=hard -mthumb -o "Core/Src/main.o"
arm-none-eabi-gcc -o "State_machine.elf" @"objects.list"   -mcpu=cortex-m4 -T"C:\STM\stm_tutorial_salomon\State_machine\STM32L476RGTX_FLASH.ld" --specs=nosys.specs -Wl,-Map="State_machine.map" -Wl,--gc-sections -static --specs=nano.specs -mfpu=fpv4-sp-d16 -mfloat-abi=hard -mthumb -Wl,--start-group -lc -lm -Wl,--end-group
Finished building target: State_machine.elf
 
arm-none-eabi-size   State_machine.elf 
arm-none-eabi-objdump -h -S  State_machine.elf  > "State_machine.list"
   text	   data	    bss	    dec	    hex	filename
  13092	     20	   1748	  14860	   3a0c	State_machine.elf
Finished building: default.size.stdout
 
Finished building: State_machine.list
 
22:39:56 **** Incremental Build of configuration Debug for project State_machine ****
make -j8 all 
arm-none-eabi-size   State_machine.elf 
   text	   data	    bss	    dec	    hex	filename
  13092	     20	   1748	  14860	   3a0c	State_machine.elf
Finished building: default.size.stdout
 
22:42:20 **** Incremental Build of configuration Debug for project State_machine ****
make -j8 all 
arm-none-eabi-size   State_machine.elf 
   text	   data	    bss	    dec	    hex	filename
  13092	     20	   1748	  14860	   3a0c	State_machine.elf
Finished building: default.size.stdout
 
22:42:56 **** Incremental Build of configuration Debug for project State_machine ****
make -j8 all 
arm-none-eabi-size   State_machine.elf 
   text	   data	    bss	    dec	    hex	filename
  13092	     20	   1748	  14860	   3a0c	State_machine.elf
Finished building: default.size.stdout
 
22:46:09 **** Incremental Build of configuration Debug for project State_machine ****
make -j8 all 
arm-none-eabi-gcc "../Core/Src/main.c" -mcpu=cortex-m4 -std=gnu11 -g3 -DDEBUG -DUSE_HAL_DRIVER -DSTM32L476xx -c -I../Core/Inc -I../Drivers/STM32L4xx_HAL_Driver/Inc -I../Drivers/STM32L4xx_HAL_Driver/Inc/Legacy -I../Drivers/CMSIS/Device/ST/STM32L4xx/Include -I../Drivers/CMSIS/Include -O0 -ffunction-sections -fdata-sections -Wall -fstack-usage -fcyclomatic-complexity -MMD -MP -MF"Core/Src/main.d" -MT"Core/Src/main.o" --specs=nano.specs -mfpu=fpv4-sp-d16 -mfloat-abi=hard -mthumb -o "Core/Src/main.o"
arm-none-eabi-gcc -o "State_machine.elf" @"objects.list"   -mcpu=cortex-m4 -T"C:\STM\stm_tutorial_salomon\State_machine\STM32L476RGTX_FLASH.ld" --specs=nosys.specs -Wl,-Map="State_machine.map" -Wl,--gc-sections -static --specs=nano.specs -mfpu=fpv4-sp-d16 -mfloat-abi=hard -mthumb -Wl,--start-group -lc -lm -Wl,--end-group
Finished building target: State_machine.elf
 
arm-none-eabi-size   State_machine.elf 
arm-none-eabi-objdump -h -S  State_machine.elf  > "State_machine.list"
   text	   data	    bss	    dec	    hex	filename
  13044	     20	   1748	  14812	   39dc	State_machine.elf
Finished building: default.size.stdout
 
Finished building: State_machine.list
 
22:46:46 **** Incremental Build of configuration Debug for project State_machine ****
make -j8 all 
arm-none-eabi-gcc "../Core/Src/main.c" -mcpu=cortex-m4 -std=gnu11 -g3 -DDEBUG -DUSE_HAL_DRIVER -DSTM32L476xx -c -I../Core/Inc -I../Drivers/STM32L4xx_HAL_Driver/Inc -I../Drivers/STM32L4xx_HAL_Driver/Inc/Legacy -I../Drivers/CMSIS/Device/ST/STM32L4xx/Include -I../Drivers/CMSIS/Include -O0 -ffunction-sections -fdata-sections -Wall -fstack-usage -fcyclomatic-complexity -MMD -MP -MF"Core/Src/main.d" -MT"Core/Src/main.o" --specs=nano.specs -mfpu=fpv4-sp-d16 -mfloat-abi=hard -mthumb -o "Core/Src/main.o"
arm-none-eabi-gcc -o "State_machine.elf" @"objects.list"   -mcpu=cortex-m4 -T"C:\STM\stm_tutorial_salomon\State_machine\STM32L476RGTX_FLASH.ld" --specs=nosys.specs -Wl,-Map="State_machine.map" -Wl,--gc-sections -static --specs=nano.specs -mfpu=fpv4-sp-d16 -mfloat-abi=hard -mthumb -Wl,--start-group -lc -lm -Wl,--end-group
Finished building target: State_machine.elf
 
arm-none-eabi-size   State_machine.elf 
arm-none-eabi-objdump -h -S  State_machine.elf  > "State_machine.list"
   text	   data	    bss	    dec	    hex	filename
  13068	     20	   1748	  14836	   39f4	State_machine.elf
Finished building: default.size.stdout
 
Finished building: State_machine.list
 
22:47:42 **** Incremental Build of configuration Debug for project State_machine ****
make -j8 all 
arm-none-eabi-gcc "../Core/Src/main.c" -mcpu=cortex-m4 -std=gnu11 -g3 -DDEBUG -DUSE_HAL_DRIVER -DSTM32L476xx -c -I../Core/Inc -I../Drivers/STM32L4xx_HAL_Driver/Inc -I../Drivers/STM32L4xx_HAL_Driver/Inc/Legacy -I../Drivers/CMSIS/Device/ST/STM32L4xx/Include -I../Drivers/CMSIS/Include -O0 -ffunction-sections -fdata-sections -Wall -fstack-usage -fcyclomatic-complexity -MMD -MP -MF"Core/Src/main.d" -MT"Core/Src/main.o" --specs=nano.specs -mfpu=fpv4-sp-d16 -mfloat-abi=hard -mthumb -o "Core/Src/main.o"
arm-none-eabi-gcc -o "State_machine.elf" @"objects.list"   -mcpu=cortex-m4 -T"C:\STM\stm_tutorial_salomon\State_machine\STM32L476RGTX_FLASH.ld" --specs=nosys.specs -Wl,-Map="State_machine.map" -Wl,--gc-sections -static --specs=nano.specs -mfpu=fpv4-sp-d16 -mfloat-abi=hard -mthumb -Wl,--start-group -lc -lm -Wl,--end-group
Finished building target: State_machine.elf
 
arm-none-eabi-size   State_machine.elf 
arm-none-eabi-objdump -h -S  State_machine.elf  > "State_machine.list"
   text	   data	    bss	    dec	    hex	filename
  13068	     20	   1748	  14836	   39f4	State_machine.elf
Finished building: default.size.stdout
 
Finished building: State_machine.list
 
22:49:50 **** Incremental Build of configuration Debug for project State_machine ****
make -j8 all 
arm-none-eabi-gcc "../Core/Src/button.c" -mcpu=cortex-m4 -std=gnu11 -g3 -DDEBUG -DUSE_HAL_DRIVER -DSTM32L476xx -c -I../Core/Inc -I../Drivers/STM32L4xx_HAL_Driver/Inc -I../Drivers/STM32L4xx_HAL_Driver/Inc/Legacy -I../Drivers/CMSIS/Device/ST/STM32L4xx/Include -I../Drivers/CMSIS/Include -O0 -ffunction-sections -fdata-sections -Wall -fstack-usage -fcyclomatic-complexity -MMD -MP -MF"Core/Src/button.d" -MT"Core/Src/button.o" --specs=nano.specs -mfpu=fpv4-sp-d16 -mfloat-abi=hard -mthumb -o "Core/Src/button.o"
arm-none-eabi-gcc "../Core/Src/main.c" -mcpu=cortex-m4 -std=gnu11 -g3 -DDEBUG -DUSE_HAL_DRIVER -DSTM32L476xx -c -I../Core/Inc -I../Drivers/STM32L4xx_HAL_Driver/Inc -I../Drivers/STM32L4xx_HAL_Driver/Inc/Legacy -I../Drivers/CMSIS/Device/ST/STM32L4xx/Include -I../Drivers/CMSIS/Include -O0 -ffunction-sections -fdata-sections -Wall -fstack-usage -fcyclomatic-complexity -MMD -MP -MF"Core/Src/main.d" -MT"Core/Src/main.o" --specs=nano.specs -mfpu=fpv4-sp-d16 -mfloat-abi=hard -mthumb -o "Core/Src/main.o"
arm-none-eabi-gcc -o "State_machine.elf" @"objects.list"   -mcpu=cortex-m4 -T"C:\STM\stm_tutorial_salomon\State_machine\STM32L476RGTX_FLASH.ld" --specs=nosys.specs -Wl,-Map="State_machine.map" -Wl,--gc-sections -static --specs=nano.specs -mfpu=fpv4-sp-d16 -mfloat-abi=hard -mthumb -Wl,--start-group -lc -lm -Wl,--end-group
Finished building target: State_machine.elf
 
arm-none-eabi-size   State_machine.elf 
arm-none-eabi-objdump -h -S  State_machine.elf  > "State_machine.list"
   text	   data	    bss	    dec	    hex	filename
  13092	     20	   1748	  14860	   3a0c	State_machine.elf
Finished building: default.size.stdout
 
Finished building: State_machine.list
 
